Archive member included because of file (symbol)

lib_bootstrap/libbootstrap.a(bootstrap_board.o)
                              cpu/mips/start_bootstrap.o (bootstrap_board_init_r)
lib_bootstrap/libbootstrap.a(string.o)
                              lib_bootstrap/libbootstrap.a(bootstrap_board.o) (memset)
lib_bootstrap/libbootstrap.a(crc32.o)
                              lib_bootstrap/libbootstrap.a(bootstrap_board.o) (crc32)
lib_bootstrap/libbootstrap.a(LzmaWrapper.o)
                              lib_bootstrap/libbootstrap.a(bootstrap_board.o) (lzma_inflate)
lib_bootstrap/libbootstrap.a(time.o)
                              lib_bootstrap/libbootstrap.a(bootstrap_board.o) (timer_init)
lib_bootstrap/libbootstrap.a(LzmaDecode.o)
                              lib_bootstrap/libbootstrap.a(LzmaWrapper.o) (LzmaDecodeProperties)
board/ar7240/ap121/libap121.a(ap121.o)
                              lib_bootstrap/libbootstrap.a(bootstrap_board.o) (initdram)
board/ar7240/ap121/libap121.a(lowlevel_init.o)
                              cpu/mips/start_bootstrap.o (lowlevel_init)
board/ar7240/ap121/libap121.a(hornet_pll_init.o)
                              board/ar7240/ap121/libap121.a(lowlevel_init.o) (hornet_pll_init)
cpu/mips/libmips.a(interrupts.o)
                              lib_bootstrap/libbootstrap.a(bootstrap_board.o) (disable_interrupts)
cpu/mips/libmips.a(cache.o)   cpu/mips/start_bootstrap.o (simple_mips_cache_reset)
cpu/mips/ar7240/libar7240.a(meminit.o)
                              board/ar7240/ap121/libap121.a(ap121.o) (ar7240_ddr_find_size)
cpu/mips/ar7240/libar7240.a(hornet_serial.o)
                              lib_bootstrap/libbootstrap.a(bootstrap_board.o) (serial_init)
cpu/mips/ar7240/libar7240.a(hornet_ddr_init.o)
                              cpu/mips/start_bootstrap.o (hornet_ddr_init)

Allocating common symbols
Common symbol       size              file

monitor_flash_len   0x4               lib_bootstrap/libbootstrap.a(bootstrap_board.o)
___strtok           0x4               lib_bootstrap/libbootstrap.a(string.o)

Discarded input sections

 .reginfo       0x0000000000000000        0x0 lib_bootstrap/libbootstrap.a(bootstrap_board.o)
 .reginfo       0x0000000000000000        0x0 lib_bootstrap/libbootstrap.a(string.o)
 .reginfo       0x0000000000000000        0x0 lib_bootstrap/libbootstrap.a(crc32.o)
 .reginfo       0x0000000000000000        0x0 lib_bootstrap/libbootstrap.a(LzmaWrapper.o)
 .reginfo       0x0000000000000000        0x0 lib_bootstrap/libbootstrap.a(time.o)
 .reginfo       0x0000000000000000        0x0 lib_bootstrap/libbootstrap.a(LzmaDecode.o)
 .reginfo       0x0000000000000000        0x0 board/ar7240/ap121/libap121.a(ap121.o)
 .reginfo       0x0000000000000000        0x0 board/ar7240/ap121/libap121.a(lowlevel_init.o)
 .reginfo       0x0000000000000000        0x0 board/ar7240/ap121/libap121.a(hornet_pll_init.o)
 .reginfo       0x0000000000000000        0x0 cpu/mips/libmips.a(interrupts.o)
 .reginfo       0x0000000000000000        0x0 cpu/mips/libmips.a(cache.o)
 .reginfo       0x0000000000000000        0x0 cpu/mips/ar7240/libar7240.a(meminit.o)
 .reginfo       0x0000000000000000        0x0 cpu/mips/ar7240/libar7240.a(hornet_serial.o)
 .reginfo       0x0000000000000000        0x0 cpu/mips/ar7240/libar7240.a(hornet_ddr_init.o)

Memory Configuration

Name             Origin             Length             Attributes
*default*        0x0000000000000000 0xffffffffffffffff

Linker script and memory map

                0x0000000000000000                . = 0x0
                0x0000000000000000                . = ALIGN (0x4)

.text           0x000000009f000000     0x3aa0
 *(.text)
 .text          0x000000009f000000      0x8b0 cpu/mips/start_bootstrap.o
                0x000000009f000000                _start_bootstrap
                0x000000009f000588                bootstrap_relocate_code
                0x000000009f00064c                ath_ddr_tap_cal
 .text          0x000000009f0008b0      0x350 lib_bootstrap/libbootstrap.a(bootstrap_board.o)
                0x000000009f000954                hang
                0x000000009f0008b0                malloc
                0x000000009f0008f0                realloc
                0x000000009f000900                sbrk
                0x000000009f000ad0                bootstrap_board_init_f
                0x000000009f0009a8                bootstrap_board_init_r
                0x000000009f0008f8                free
 .text          0x000000009f000c00      0x5a0 lib_bootstrap/libbootstrap.a(string.o)
                0x000000009f000f98                memmove
                0x000000009f000f6c                memcpy
                0x000000009f000ef8                strswab
                0x000000009f000d3c                strnlen
                0x000000009f000cc8                strrchr
                0x000000009f000c00                strcat
                0x000000009f0010f0                memchr
                0x000000009f001034                strstr
                0x000000009f000dd8                strtok
                0x000000009f000ffc                memcmp
                0x000000009f000c2c                strncat
                0x000000009f00111c                strdup
                0x000000009f000f48                memset
                0x000000009f000e94                strsep
                0x000000009f000d64                strspn
                0x000000009f000cb0                strlen
                0x000000009f000c80                strchr
                0x000000009f000da0                strpbrk
 .text          0x000000009f0011a0      0x190 lib_bootstrap/libbootstrap.a(crc32.o)
                0x000000009f0011a0                crc32
 .text          0x000000009f001330      0x260 lib_bootstrap/libbootstrap.a(LzmaWrapper.o)
                0x000000009f001330                lzma_inflate
 .text          0x000000009f001590       0xb0 lib_bootstrap/libbootstrap.a(time.o)
                0x000000009f0015c0                set_timer
                0x000000009f0015a4                reset_timer
                0x000000009f001634                get_tbclk
                0x000000009f0015b4                get_timer
                0x000000009f001590                timer_init
                0x000000009f0015cc                udelay
                0x000000009f001628                get_ticks
 .text          0x000000009f001640      0xa90 lib_bootstrap/libbootstrap.a(LzmaDecode.o)
                0x000000009f001640                LzmaDecodeProperties
                0x000000009f0016b8                LzmaDecode
 .text          0x000000009f0020d0      0x1d0 board/ar7240/ap121/libap121.a(ap121.o)
                0x000000009f0020d0                ar7240_usb_initial_config
                0x000000009f002204                ar7240_mem_config
                0x000000009f0020f8                ar7240_usb_otp_config
                0x000000009f0021d4                checkboard
                0x000000009f002188                ar7240_gpio_config
                0x000000009f002280                initdram
 .text          0x000000009f0022a0       0x20 board/ar7240/ap121/libap121.a(lowlevel_init.o)
                0x000000009f0022a0                lowlevel_init
 .text          0x000000009f0022c0      0x640 board/ar7240/ap121/libap121.a(hornet_pll_init.o)
                0x000000009f0022c0                hornet_pll_init
 .text          0x000000009f002900       0x10 cpu/mips/libmips.a(interrupts.o)
                0x000000009f002908                disable_interrupts
                0x000000009f002900                enable_interrupts
 .text          0x000000009f002910      0x360 cpu/mips/libmips.a(cache.o)
                0x000000009f002b78                dcache_flush_range
                0x000000009f002958                mips_cache_reset
                0x000000009f002b1c                mips_cache_lock
                0x000000009f002910                simple_mips_cache_reset
                0x000000009f002bf4                mips_icache_flush_ix
                0x000000009f002c24                mips_cache_lock_24k
                0x000000009f002ba0                mips_cache_flush
                0x000000009f002af0                dcache_status
                0x000000009f002b00                dcache_disable
 .text          0x000000009f002c70      0x2e0 cpu/mips/ar7240/libar7240.a(meminit.o)
                0x000000009f002ce4                ar7240_ddr_initial_config
                0x000000009f002ca0                ar7240_ddr_find_size
                0x000000009f002c70                ar7240_ddr_tap_set
 .text          0x000000009f002f50      0x2e0 cpu/mips/ar7240/libar7240.a(hornet_serial.o)
                0x000000009f0031c8                serial_setbrg
                0x000000009f00313c                serial_tstc
                0x000000009f003174                serial_putc
                0x000000009f002f50                ar7240_sys_frequency
                0x000000009f003074                serial_init
                0x000000009f0031d0                serial_puts
                0x000000009f00314c                serial_getc
 .text          0x000000009f003230      0x870 cpu/mips/ar7240/libar7240.a(hornet_ddr_init.o)
                0x000000009f003640                hornet_ddr_tap_init
                0x000000009f003230                hornet_ddr_init
                0x000000009f003aa0                . = ALIGN (0x4)

.rodata         0x000000009f003aa0      0x430
 *(.rodata)
 .rodata        0x000000009f003aa0       0x30 lib_bootstrap/libbootstrap.a(bootstrap_board.o)
                0x000000009f003aa0                version_string
 .rodata        0x000000009f003ad0      0x400 lib_bootstrap/libbootstrap.a(crc32.o)

.reginfo        0x000000009f003ed0       0x18
 .reginfo       0x000000009f003ed0       0x18 cpu/mips/start_bootstrap.o

.rodata.str1.4  0x000000009f003ee8       0x18
 .rodata.str1.4
                0x000000009f003ee8       0x18 board/ar7240/ap121/libap121.a(ap121.o)

.rel.dyn        0x000000009f003f00        0x0
 .rel.dyn       0x0000000000000000        0x0 cpu/mips/start_bootstrap.o
                0x000000009f003f00                . = ALIGN (0x4)

.data           0x000000009f003f00       0x20
 *(.data)
 .data          0x000000009f003f00        0x0 cpu/mips/start_bootstrap.o
 .data          0x000000009f003f00        0x0 lib_bootstrap/libbootstrap.a(bootstrap_board.o)
 .data          0x000000009f003f00        0x0 lib_bootstrap/libbootstrap.a(string.o)
 .data          0x000000009f003f00        0x0 lib_bootstrap/libbootstrap.a(crc32.o)
 .data          0x000000009f003f00        0x0 lib_bootstrap/libbootstrap.a(LzmaWrapper.o)
 .data          0x000000009f003f00        0x0 lib_bootstrap/libbootstrap.a(time.o)
 .data          0x000000009f003f00        0x0 lib_bootstrap/libbootstrap.a(LzmaDecode.o)
 .data          0x000000009f003f00        0x0 board/ar7240/ap121/libap121.a(ap121.o)
 .data          0x000000009f003f00        0x0 board/ar7240/ap121/libap121.a(lowlevel_init.o)
 .data          0x000000009f003f00        0x0 board/ar7240/ap121/libap121.a(hornet_pll_init.o)
 .data          0x000000009f003f00        0x0 cpu/mips/libmips.a(interrupts.o)
 .data          0x000000009f003f00        0x0 cpu/mips/libmips.a(cache.o)
 .data          0x000000009f003f00       0x20 cpu/mips/ar7240/libar7240.a(meminit.o)
                0x000000009f003f00                tap_settings
                0x000000009f003f0c                tap_pattern
 .data          0x000000009f003f20        0x0 cpu/mips/ar7240/libar7240.a(hornet_serial.o)
 .data          0x000000009f003f20        0x0 cpu/mips/ar7240/libar7240.a(hornet_ddr_init.o)

.got.plt        0x000000009f003f20        0x0
 .got.plt       0x0000000000000000        0x0 cpu/mips/start_bootstrap.o

.data.rel       0x000000009f003f20       0x10
 .data.rel      0x000000009f003f20       0x10 lib_bootstrap/libbootstrap.a(bootstrap_board.o)
                0x000000009f003f20                init_sequence
                0x000000009f003f30                . = ALIGN (0x4)

.sdata
 *(.sdata)
 *(.sdata)
                0x000000009f003f30                _gp = ALIGN (0x10)
                0x000000009f003f30                __got_start_bootstrap = .

.got            0x000000009f003f30       0xac
 *(.got)
 .got           0x000000009f003f30       0xac cpu/mips/start_bootstrap.o
                0x000000009f003f30                _GLOBAL_OFFSET_TABLE_
                0x000000009f003fdc                __got_end_bootstrap = .
                0x000000009f003fdc                uboot_end_data_bootstrap = .
                0x000000000000002b                num_got_entries = ((__got_end_bootstrap - __got_start_bootstrap) >> 0x2)
                0x000000009f003fdc                . = ALIGN (0x4)

.sbss
 *(.sbss)

.bss            0x000000009f003fe0       0x20
 *(.bss)
 .bss           0x000000009f003fe0        0x0 cpu/mips/start_bootstrap.o
 .bss           0x000000009f003fe0       0x10 lib_bootstrap/libbootstrap.a(bootstrap_board.o)
 .bss           0x000000009f003ff0        0x0 lib_bootstrap/libbootstrap.a(string.o)
 .bss           0x000000009f003ff0        0x0 lib_bootstrap/libbootstrap.a(crc32.o)
 .bss           0x000000009f003ff0       0x10 lib_bootstrap/libbootstrap.a(LzmaWrapper.o)
 .bss           0x000000009f004000        0x0 lib_bootstrap/libbootstrap.a(time.o)
 .bss           0x000000009f004000        0x0 lib_bootstrap/libbootstrap.a(LzmaDecode.o)
 .bss           0x000000009f004000        0x0 board/ar7240/ap121/libap121.a(ap121.o)
 .bss           0x000000009f004000        0x0 board/ar7240/ap121/libap121.a(lowlevel_init.o)
 .bss           0x000000009f004000        0x0 board/ar7240/ap121/libap121.a(hornet_pll_init.o)
 .bss           0x000000009f004000        0x0 cpu/mips/libmips.a(interrupts.o)
 .bss           0x000000009f004000        0x0 cpu/mips/libmips.a(cache.o)
 .bss           0x000000009f004000        0x0 cpu/mips/ar7240/libar7240.a(meminit.o)
 .bss           0x000000009f004000        0x0 cpu/mips/ar7240/libar7240.a(hornet_serial.o)
 .bss           0x000000009f004000        0x0 cpu/mips/ar7240/libar7240.a(hornet_ddr_init.o)
                0x000000009f004000                uboot_end_bootstrap = .
Address of section .text set to 0x9f000000
LOAD cpu/mips/start_bootstrap.o
START GROUP
LOAD lib_bootstrap/libbootstrap.a
LOAD board/ar7240/ap121/libap121.a
LOAD cpu/mips/libmips.a
LOAD cpu/mips/ar7240/libar7240.a
END GROUP
LOAD /work1/u1114ar9331/build/gcc-4.3.3/build_mips/staging_dir/usr/bin-ccache/../lib/gcc/mips-linux-uclibc/4.3.3/libgcc.a
OUTPUT(bootstrap elf32-tradbigmips)

.scommon        0x000000009f004000        0x8
 .scommon       0x000000009f004000        0x4 lib_bootstrap/libbootstrap.a(bootstrap_board.o)
                0x000000009f004000                monitor_flash_len
 .scommon       0x000000009f004004        0x4 lib_bootstrap/libbootstrap.a(string.o)
                0x000000009f004004                ___strtok

.pdr            0x0000000000000000      0x840
 .pdr           0x0000000000000000       0x20 cpu/mips/start_bootstrap.o
 .pdr           0x0000000000000020      0x100 lib_bootstrap/libbootstrap.a(bootstrap_board.o)
 .pdr           0x0000000000000120      0x240 lib_bootstrap/libbootstrap.a(string.o)
 .pdr           0x0000000000000360       0x20 lib_bootstrap/libbootstrap.a(crc32.o)
 .pdr           0x0000000000000380       0x20 lib_bootstrap/libbootstrap.a(LzmaWrapper.o)
 .pdr           0x00000000000003a0       0xe0 lib_bootstrap/libbootstrap.a(time.o)
 .pdr           0x0000000000000480       0x40 lib_bootstrap/libbootstrap.a(LzmaDecode.o)
 .pdr           0x00000000000004c0       0xc0 board/ar7240/ap121/libap121.a(ap121.o)
 .pdr           0x0000000000000580        0x0 board/ar7240/ap121/libap121.a(lowlevel_init.o)
 .pdr           0x0000000000000580        0x0 board/ar7240/ap121/libap121.a(hornet_pll_init.o)
 .pdr           0x0000000000000580       0x40 cpu/mips/libmips.a(interrupts.o)
 .pdr           0x00000000000005c0      0x120 cpu/mips/libmips.a(cache.o)
 .pdr           0x00000000000006e0       0x60 cpu/mips/ar7240/libar7240.a(meminit.o)
 .pdr           0x0000000000000740       0xe0 cpu/mips/ar7240/libar7240.a(hornet_serial.o)
 .pdr           0x0000000000000820       0x20 cpu/mips/ar7240/libar7240.a(hornet_ddr_init.o)

.stab           0x0000000000000000     0x35dc
 .stab          0x0000000000000000     0x1260 cpu/mips/start_bootstrap.o
 .stab          0x0000000000001260       0x3c board/ar7240/ap121/libap121.a(lowlevel_init.o)
                                         0x48 (size before relaxing)
 .stab          0x000000000000129c      0xbac board/ar7240/ap121/libap121.a(hornet_pll_init.o)
                                        0xbb8 (size before relaxing)
 .stab          0x0000000000001e48      0x6a8 cpu/mips/libmips.a(cache.o)
                                        0x6b4 (size before relaxing)
 .stab          0x00000000000024f0     0x10ec cpu/mips/ar7240/libar7240.a(hornet_ddr_init.o)
                                       0x10f8 (size before relaxing)

.stabstr        0x0000000000000000      0x247
 .stabstr       0x0000000000000000      0x247 cpu/mips/start_bootstrap.o

.mdebug.abi32   0x0000000000000000        0x0
 .mdebug.abi32  0x0000000000000000        0x0 lib_bootstrap/libbootstrap.a(bootstrap_board.o)
 .mdebug.abi32  0x0000000000000000        0x0 lib_bootstrap/libbootstrap.a(string.o)
 .mdebug.abi32  0x0000000000000000        0x0 lib_bootstrap/libbootstrap.a(crc32.o)
 .mdebug.abi32  0x0000000000000000        0x0 lib_bootstrap/libbootstrap.a(LzmaWrapper.o)
 .mdebug.abi32  0x0000000000000000        0x0 lib_bootstrap/libbootstrap.a(time.o)
 .mdebug.abi32  0x0000000000000000        0x0 lib_bootstrap/libbootstrap.a(LzmaDecode.o)
 .mdebug.abi32  0x0000000000000000        0x0 board/ar7240/ap121/libap121.a(ap121.o)
 .mdebug.abi32  0x0000000000000000        0x0 cpu/mips/libmips.a(interrupts.o)
 .mdebug.abi32  0x0000000000000000        0x0 cpu/mips/ar7240/libar7240.a(meminit.o)
 .mdebug.abi32  0x0000000000000000        0x0 cpu/mips/ar7240/libar7240.a(hornet_serial.o)

.debug_abbrev   0x0000000000000000      0xe8e
 .debug_abbrev  0x0000000000000000      0x2a1 lib_bootstrap/libbootstrap.a(bootstrap_board.o)
 .debug_abbrev  0x00000000000002a1      0x21c lib_bootstrap/libbootstrap.a(string.o)
 .debug_abbrev  0x00000000000004bd       0x9c lib_bootstrap/libbootstrap.a(crc32.o)
 .debug_abbrev  0x0000000000000559      0x1a7 lib_bootstrap/libbootstrap.a(LzmaWrapper.o)
 .debug_abbrev  0x0000000000000700      0x179 lib_bootstrap/libbootstrap.a(time.o)
 .debug_abbrev  0x0000000000000879      0x164 lib_bootstrap/libbootstrap.a(LzmaDecode.o)
 .debug_abbrev  0x00000000000009dd      0x152 board/ar7240/ap121/libap121.a(ap121.o)
 .debug_abbrev  0x0000000000000b2f       0x65 cpu/mips/libmips.a(interrupts.o)
 .debug_abbrev  0x0000000000000b94      0x112 cpu/mips/ar7240/libar7240.a(meminit.o)
 .debug_abbrev  0x0000000000000ca6      0x1e8 cpu/mips/ar7240/libar7240.a(hornet_serial.o)

.debug_info     0x0000000000000000     0x21d8
 .debug_info    0x0000000000000000      0x6a9 lib_bootstrap/libbootstrap.a(bootstrap_board.o)
 .debug_info    0x00000000000006a9      0x729 lib_bootstrap/libbootstrap.a(string.o)
 .debug_info    0x0000000000000dd2      0x136 lib_bootstrap/libbootstrap.a(crc32.o)
 .debug_info    0x0000000000000f08      0x35b lib_bootstrap/libbootstrap.a(LzmaWrapper.o)
 .debug_info    0x0000000000001263      0x28e lib_bootstrap/libbootstrap.a(time.o)
 .debug_info    0x00000000000014f1      0x4eb lib_bootstrap/libbootstrap.a(LzmaDecode.o)
 .debug_info    0x00000000000019dc      0x1fb board/ar7240/ap121/libap121.a(ap121.o)
 .debug_info    0x0000000000001bd7       0xa8 cpu/mips/libmips.a(interrupts.o)
 .debug_info    0x0000000000001c7f      0x1f8 cpu/mips/ar7240/libar7240.a(meminit.o)
 .debug_info    0x0000000000001e77      0x361 cpu/mips/ar7240/libar7240.a(hornet_serial.o)

.debug_line     0x0000000000000000      0xb08
 .debug_line    0x0000000000000000      0x1b8 lib_bootstrap/libbootstrap.a(bootstrap_board.o)
 .debug_line    0x00000000000001b8      0x195 lib_bootstrap/libbootstrap.a(string.o)
 .debug_line    0x000000000000034d       0xbd lib_bootstrap/libbootstrap.a(crc32.o)
 .debug_line    0x000000000000040a      0x144 lib_bootstrap/libbootstrap.a(LzmaWrapper.o)
 .debug_line    0x000000000000054e       0xd8 lib_bootstrap/libbootstrap.a(time.o)
 .debug_line    0x0000000000000626      0x1d8 lib_bootstrap/libbootstrap.a(LzmaDecode.o)
 .debug_line    0x00000000000007fe       0xc3 board/ar7240/ap121/libap121.a(ap121.o)
 .debug_line    0x00000000000008c1       0x3f cpu/mips/libmips.a(interrupts.o)
 .debug_line    0x0000000000000900      0x10d cpu/mips/ar7240/libar7240.a(meminit.o)
 .debug_line    0x0000000000000a0d       0xfb cpu/mips/ar7240/libar7240.a(hornet_serial.o)

.debug_frame    0x0000000000000000      0x4d0
 .debug_frame   0x0000000000000000       0xb0 lib_bootstrap/libbootstrap.a(bootstrap_board.o)
 .debug_frame   0x00000000000000b0      0x16c lib_bootstrap/libbootstrap.a(string.o)
 .debug_frame   0x000000000000021c       0x20 lib_bootstrap/libbootstrap.a(crc32.o)
 .debug_frame   0x000000000000023c       0x38 lib_bootstrap/libbootstrap.a(LzmaWrapper.o)
 .debug_frame   0x0000000000000274       0x88 lib_bootstrap/libbootstrap.a(time.o)
 .debug_frame   0x00000000000002fc       0x48 lib_bootstrap/libbootstrap.a(LzmaDecode.o)
 .debug_frame   0x0000000000000344       0x78 board/ar7240/ap121/libap121.a(ap121.o)
 .debug_frame   0x00000000000003bc       0x30 cpu/mips/libmips.a(interrupts.o)
 .debug_frame   0x00000000000003ec       0x54 cpu/mips/ar7240/libar7240.a(meminit.o)
 .debug_frame   0x0000000000000440       0x90 cpu/mips/ar7240/libar7240.a(hornet_serial.o)

.debug_loc      0x0000000000000000     0x13ef
 .debug_loc     0x0000000000000000      0x180 lib_bootstrap/libbootstrap.a(bootstrap_board.o)
 .debug_loc     0x0000000000000180      0x407 lib_bootstrap/libbootstrap.a(string.o)
 .debug_loc     0x0000000000000587       0xc8 lib_bootstrap/libbootstrap.a(crc32.o)
 .debug_loc     0x000000000000064f      0x21b lib_bootstrap/libbootstrap.a(LzmaWrapper.o)
 .debug_loc     0x000000000000086a       0x6b lib_bootstrap/libbootstrap.a(time.o)
 .debug_loc     0x00000000000008d5      0x802 lib_bootstrap/libbootstrap.a(LzmaDecode.o)
 .debug_loc     0x00000000000010d7       0xb2 board/ar7240/ap121/libap121.a(ap121.o)
 .debug_loc     0x0000000000001189       0xc8 cpu/mips/ar7240/libar7240.a(meminit.o)
 .debug_loc     0x0000000000001251      0x19e cpu/mips/ar7240/libar7240.a(hornet_serial.o)

.debug_pubnames
                0x0000000000000000      0x475
 .debug_pubnames
                0x0000000000000000       0xbc lib_bootstrap/libbootstrap.a(bootstrap_board.o)
 .debug_pubnames
                0x00000000000000bc       0xec lib_bootstrap/libbootstrap.a(string.o)
 .debug_pubnames
                0x00000000000001a8       0x1c lib_bootstrap/libbootstrap.a(crc32.o)
 .debug_pubnames
                0x00000000000001c4       0x23 lib_bootstrap/libbootstrap.a(LzmaWrapper.o)
 .debug_pubnames
                0x00000000000001e7       0x74 lib_bootstrap/libbootstrap.a(time.o)
 .debug_pubnames
                0x000000000000025b       0x3a lib_bootstrap/libbootstrap.a(LzmaDecode.o)
 .debug_pubnames
                0x0000000000000295       0x93 board/ar7240/ap121/libap121.a(ap121.o)
 .debug_pubnames
                0x0000000000000328       0x3f cpu/mips/libmips.a(interrupts.o)
 .debug_pubnames
                0x0000000000000367       0x81 cpu/mips/ar7240/libar7240.a(meminit.o)
 .debug_pubnames
                0x00000000000003e8       0x8d cpu/mips/ar7240/libar7240.a(hornet_serial.o)

.debug_aranges  0x0000000000000000      0x140
 .debug_aranges
                0x0000000000000000       0x20 lib_bootstrap/libbootstrap.a(bootstrap_board.o)
 .debug_aranges
                0x0000000000000020       0x20 lib_bootstrap/libbootstrap.a(string.o)
 .debug_aranges
                0x0000000000000040       0x20 lib_bootstrap/libbootstrap.a(crc32.o)
 .debug_aranges
                0x0000000000000060       0x20 lib_bootstrap/libbootstrap.a(LzmaWrapper.o)
 .debug_aranges
                0x0000000000000080       0x20 lib_bootstrap/libbootstrap.a(time.o)
 .debug_aranges
                0x00000000000000a0       0x20 lib_bootstrap/libbootstrap.a(LzmaDecode.o)
 .debug_aranges
                0x00000000000000c0       0x20 board/ar7240/ap121/libap121.a(ap121.o)
 .debug_aranges
                0x00000000000000e0       0x20 cpu/mips/libmips.a(interrupts.o)
 .debug_aranges
                0x0000000000000100       0x20 cpu/mips/ar7240/libar7240.a(meminit.o)
 .debug_aranges
                0x0000000000000120       0x20 cpu/mips/ar7240/libar7240.a(hornet_serial.o)

.debug_ranges   0x0000000000000000      0x1d8
 .debug_ranges  0x0000000000000000       0x18 lib_bootstrap/libbootstrap.a(bootstrap_board.o)
 .debug_ranges  0x0000000000000018       0x98 lib_bootstrap/libbootstrap.a(LzmaWrapper.o)
 .debug_ranges  0x00000000000000b0      0x128 lib_bootstrap/libbootstrap.a(LzmaDecode.o)

.debug_str      0x0000000000000000      0xac8
 .debug_str     0x0000000000000000      0x398 lib_bootstrap/libbootstrap.a(bootstrap_board.o)
                                        0x3fa (size before relaxing)
 .debug_str     0x0000000000000398       0xdc lib_bootstrap/libbootstrap.a(string.o)
                                        0x1b4 (size before relaxing)
 .debug_str     0x0000000000000474       0x30 lib_bootstrap/libbootstrap.a(crc32.o)
                                        0x100 (size before relaxing)
 .debug_str     0x00000000000004a4      0x124 lib_bootstrap/libbootstrap.a(LzmaWrapper.o)
                                        0x244 (size before relaxing)
 .debug_str     0x00000000000005c8       0x7c lib_bootstrap/libbootstrap.a(time.o)
                                        0x15d (size before relaxing)
 .debug_str     0x0000000000000644      0x139 lib_bootstrap/libbootstrap.a(LzmaDecode.o)
                                        0x240 (size before relaxing)
 .debug_str     0x000000000000077d       0xda board/ar7240/ap121/libap121.a(ap121.o)
                                        0x19e (size before relaxing)
 .debug_str     0x0000000000000857       0x5a cpu/mips/libmips.a(interrupts.o)
                                         0xf2 (size before relaxing)
 .debug_str     0x00000000000008b1       0xe9 cpu/mips/ar7240/libar7240.a(meminit.o)
                                        0x1a5 (size before relaxing)
 .debug_str     0x000000000000099a      0x12e cpu/mips/ar7240/libar7240.a(hornet_serial.o)
                                        0x1f4 (size before relaxing)

.comment        0x0000000000000000       0xb4
 .comment       0x0000000000000000       0x12 lib_bootstrap/libbootstrap.a(bootstrap_board.o)
 .comment       0x0000000000000012       0x12 lib_bootstrap/libbootstrap.a(string.o)
 .comment       0x0000000000000024       0x12 lib_bootstrap/libbootstrap.a(crc32.o)
 .comment       0x0000000000000036       0x12 lib_bootstrap/libbootstrap.a(LzmaWrapper.o)
 .comment       0x0000000000000048       0x12 lib_bootstrap/libbootstrap.a(time.o)
 .comment       0x000000000000005a       0x12 lib_bootstrap/libbootstrap.a(LzmaDecode.o)
 .comment       0x000000000000006c       0x12 board/ar7240/ap121/libap121.a(ap121.o)
 .comment       0x000000000000007e       0x12 cpu/mips/libmips.a(interrupts.o)
 .comment       0x0000000000000090       0x12 cpu/mips/ar7240/libar7240.a(meminit.o)
 .comment       0x00000000000000a2       0x12 cpu/mips/ar7240/libar7240.a(hornet_serial.o)

.gnu.attributes
                0x0000000000000000       0x10
 .gnu.attributes
                0x0000000000000000       0x10 lib_bootstrap/libbootstrap.a(bootstrap_board.o)
 .gnu.attributes
                0x0000000000000010       0x10 lib_bootstrap/libbootstrap.a(string.o)
 .gnu.attributes
                0x0000000000000020       0x10 lib_bootstrap/libbootstrap.a(crc32.o)
 .gnu.attributes
                0x0000000000000030       0x10 lib_bootstrap/libbootstrap.a(LzmaWrapper.o)
 .gnu.attributes
                0x0000000000000040       0x10 lib_bootstrap/libbootstrap.a(time.o)
 .gnu.attributes
                0x0000000000000050       0x10 lib_bootstrap/libbootstrap.a(LzmaDecode.o)
 .gnu.attributes
                0x0000000000000060       0x10 board/ar7240/ap121/libap121.a(ap121.o)
 .gnu.attributes
                0x0000000000000070       0x10 cpu/mips/libmips.a(interrupts.o)
 .gnu.attributes
                0x0000000000000080       0x10 cpu/mips/ar7240/libar7240.a(meminit.o)
 .gnu.attributes
                0x0000000000000090       0x10 cpu/mips/ar7240/libar7240.a(hornet_serial.o)
